slurmstepd: *** JOB 377629 ON e1c085 CANCELLED AT 2018-02-07T09:20:53 ***
